
There are no discarded input sections

Memory Configuration

Name             Origin             Length             Attributes
FLASH            0x08000000         0x00080000         xr
SRAM             0x20000000         0x00020000         xrw
*default*        0x00000000         0xffffffff

Linker script and memory map

LOAD object/kmath.o
LOAD object/kfloat.o
LOAD object/cm4.o
LOAD object/mcu_info.o
LOAD object/kstring.o
LOAD object/kmain.o
LOAD object/stm32_startup.o
LOAD object/sys_clock.o
LOAD object/sys_usart.o
LOAD object/sys_gpio.o
LOAD object/kstdio.o
LOAD object/sys_init.o
LOAD object/syscall.o
LOAD object/unistd.o
LOAD object/times.o
LOAD object/duprintf.o
LOAD object/scheduler.o
LOAD object/serial_lin.o
LOAD object/UsartRingBuffer.o
LOAD object/debug.o
LOAD object/timer.o
LOAD object/sys_err.o
LOAD object/sys_rtc.o
LOAD object/main.o

.text           0x08000000     0x54a8
                0x08000000                        _stext = .
 *(.isr_vector)
 .isr_vector    0x08000000      0x1c4 object/stm32_startup.o
                0x08000000                NVIC_VECTOR
 *(.text)
 .text          0x080001c4       0x4e object/kmath.o
                0x080001c4                __pow
 *fill*         0x08000212        0x2 
 .text          0x08000214      0xed4 object/kfloat.o
                0x08000214                __aeabi_f2d
                0x080002da                __aeabi_d2f
                0x08000362                __aeabi_d2iz
                0x080003f2                __aeabi_d2i
                0x08000482                get_decimal_part
                0x0800056c                __aeabi_ui2d
                0x080005ec                __aeabi_d2uiz
                0x08000662                __aeabi_dsub
                0x08000922                __aeabi_dmul
                0x08000ad4                __aeabi_dadd
                0x08000d82                __aeabi_d2ulz
                0x08000e00                __aeabi_ddiv
                0x080010a8                __aeabi_dcmpeq
 .text          0x080010e8      0x2b8 object/cm4.o
                0x080010e8                __SysTick_init
                0x08001140                SysTickIntDisable
                0x08001160                SysTickIntEnable
                0x08001180                __SysTick_enable
                0x080011ac                __sysTick_disable
                0x080011d8                __getSysTickCount
                0x080011f0                __updateSysTick
                0x08001248                __getTime
                0x0800127c                __get__Second
                0x08001298                __get__Minute
                0x080012b4                __get__Hour
                0x080012d0                SysTick_Handler
                0x08001304                __enable_fpu
                0x08001328                ms_delay
                0x08001352                getmsTick
                0x08001360                wait_until
                0x08001390                SYS_SLEEP_WFI
 .text          0x080013a0      0x1a8 object/mcu_info.o
                0x080013a0                show_system_info
                0x0800144c                store_product_id
                0x08001534                get_product_id
 .text          0x08001548      0x9dc object/kstring.o
                0x08001548                __str_to_num
                0x0800162a                __reverse_str
                0x08001688                __strlen
                0x080016b6                convert
                0x08001734                convertu32
                0x0800178c                float2str
                0x08001858                str2float
                0x0800195a                kmemset
                0x0800199a                StrCat
                0x080019e4                strcopy
                0x08001a1e                clear_str
                0x08001a5c                strncopy
                0x08001aae                strn4mcopy
                0x08001afc                byte_to_hex
                0x08001b70                show_byte_hex_str
                0x08001bb0                show_byte_stream_hex
                0x08001bf0                strcomp
                0x08001c40                strncopy_cmd
                0x08001c8e                uint16_to_str
                0x08001de0                strCat_n_to_m
                0x08001e34                memcpy
                0x08001e72                memmove
                0x08001eea                memset
 .text          0x08001f24       0x24 object/kmain.o
                0x08001f24                kmain
 .text          0x08001f48       0xf8 object/stm32_startup.o
                0x08001f48                Reset_Handler
                0x08002000                RTC_WKUP_Handler
                0x08002000                FLASH_Handler
                0x08002000                DMA2_Stream7_Handler
                0x08002000                OTG_HS_Handler
                0x08002000                DMA2_Stream3_Handler
                0x08002000                USART3_Handler
                0x08002000                PendSV_Handler
                0x08002000                NMI_Handler
                0x08002000                SAI1_Handler
                0x08002000                TIM6_DAC_Handler
                0x08002000                CAN1_RX1_Handler
                0x08002000                EXTI15_10_Handler
                0x08002000                ADC_Handler
                0x08002000                I2C1_EV_Handler
                0x08002000                TAMP_STAMP_Handler
                0x08002000                I2C3_ER_Handler
                0x08002000                WWDG_Handler
                0x08002000                EXTI4_Handler
                0x08002000                I2C3_EV_Handler
                0x08002000                DMA1_Stream1_Handler
                0x08002000                DMA2_Stream4_Handler
                0x08002000                DMA1_Stream7_Handler
                0x08002000                OTG_FS_Handler
                0x08002000                TIM1_BRK_TIM9_Handler
                0x08002000                I2C1_ER_Handler
                0x08002000                DMA1_Stream3_Handler
                0x08002000                UsageFault_Handler
                0x08002000                TIM1_UP_TIM10_Handler
                0x08002000                CAN1_RX0_Handler
                0x08002000                TIM1_CC_Handler
                0x08002000                I2C2_ER_Handler
                0x08002000                TIM8_CC_Handler
                0x08002000                HDMI_CEC_Handler
                0x08002000                SAI2_Handler
                0x08002000                CAN1_SCE_Handler
                0x08002000                DMA1_Stream0_Handler
                0x08002000                OTG_HS_EP1_OUT_Handler
                0x08002000                EXTI1_Handler
                0x08002000                FMC_Handler
                0x08002000                EXTI3_Handler
                0x08002000                EXTI2_Handler
                0x08002000                UART4_Handler
                0x08002000                CAN2_RX1_Handler
                0x08002000                EXTI9_5_Handler
                0x08002000                USART1_Handler
                0x08002000                CAN2_SCE_Handler
                0x08002000                TIM3_Handler
                0x08002000                DMA2_Stream6_Handler
                0x08002000                Default_Handler
                0x08002000                DCMI_Handler
                0x08002000                TIM1_TRG_COM_TIM11_Handler
                0x08002000                RTC_Alarm_Handler
                0x08002000                TIM4_Handler
                0x08002000                TIM8_UP_TIM13_Handler
                0x08002000                CAN2_TX_Handler
                0x08002000                SPI2_Handler
                0x08002000                DMA2_Stream1_Handler
                0x08002000                DMA1_Stream2_Handler
                0x08002000                EXTI0_Handler
                0x08002000                TIM8_BRK_TIM12_Handler
                0x08002000                CAN2_RX0_Handler
                0x08002000                DMA2_Stream5_Handler
                0x08002000                DMA1_Stream6_Handler
                0x08002000                SDIO_Handler
                0x08002000                FMPI2C1_ERR_Handler
                0x08002000                SPI1_Handler
                0x08002000                I2C2_EV_Handler
                0x08002000                SPDIF_Rx_Handler
                0x08002000                DMA2_Stream2_Handler
                0x08002000                SPI3_Handler
                0x08002000                DMA2_Stream0_Handler
                0x08002000                RCC_Handler
                0x08002000                PVD_Handler
                0x08002000                UART5_Handler
                0x08002000                DMA1_Stream5_Handler
                0x08002000                TIM5_Handler
                0x08002000                QuadSPI_Handler
                0x08002000                TIM7_Handler
                0x08002000                TIM8_TRG_COM_TIM14_Handler
                0x08002000                CAN1_TX_Handler
                0x08002000                FPU_Handler
                0x08002000                FMPI2C1_Handler
                0x08002000                DMA1_Stream4_Handler
                0x08002000                DebugMonitor_Handler
                0x08002000                OTG_HS_WKUP_Handler
                0x08002000                OTG_FS_WKUP_Handler
                0x08002000                SPI4_Handler
                0x08002000                OTG_HS_EP1_IN_Handler
                0x08002008                HardFault_Handler
                0x08002010                MemManage_Handler
                0x08002018                BusFault_Handler
                0x08002020                SVCall_Handler
 .text          0x08002040      0x308 object/sys_clock.o
                0x08002040                __init_sys_clock
                0x0800210c                __APB1CLK_FREQ
                0x08002188                __APB2CLK_FREQ
                0x08002204                __PLL_SYS_CLK
                0x0800229c                __AHB_CLK
 .text          0x08002348      0x584 object/sys_usart.o
                0x080023f8                UART_Init
                0x08002492                UART_DeInit
                0x08002500                UART_BRR_SAMPLING16
                0x08002694                UART_MspInit
 .text          0x080028cc      0x5bc object/sys_gpio.o
                0x080028cc                GPIO_WritePin
                0x080028fe                GPIO_Init
                0x08002c04                GPIO_DeInit
                0x08002dec                SPI_GPIOInit
 .text          0x08002e88      0x33c object/kstdio.o
                0x08002e88                kprintf
                0x0800301c                putstr
                0x08003058                kscanf
 .text          0x080031c4      0x184 object/sys_init.o
                0x0800323c                __sys_init
                0x0800330c                SYS_ROUTINE
                0x08003318                display_group_info
 .text          0x08003348      0x304 object/syscall.o
                0x0800336c                do_syscall
                0x08003618                SVC_Handler_C
 .text          0x0800364c       0x64 object/unistd.o
                0x0800364c                write
                0x0800366e                read
                0x08003690                _exit
                0x080036a0                yield
 .text          0x080036b0        0x0 object/times.o
 .text          0x080036b0      0x588 object/duprintf.o
                0x08003858                duprintf
 .text          0x08003c38      0x1ec object/scheduler.o
                0x08003c38                scheduler_init
                0x08003c68                scheduler_add_task
                0x08003d04                schedule_next
                0x08003de0                scheduler_yield
                0x08003e0c                scheduler_current
 .text          0x08003e24      0x1b8 object/serial_lin.o
                0x08003e24                SerialLin2_init
                0x08003ebc                SerialLin6_init
                0x08003f54                USART2_Handler
                0x08003f68                USART6_Handler
                0x08003f7c                noIntWrite
                0x08003fac                noIntSendString
 .text          0x08003fdc      0xb78 object/UsartRingBuffer.o
                0x08003fdc                Ringbuf_init
                0x08004076                Look_for
                0x08004116                GetDataFromBuffer
                0x08004256                Uart_flush
                0x0800428c                Uart_peek
                0x08004308                Uart_read
                0x080043a8                Uart_write
                0x08004460                IsDataAvailable
                0x080044e4                Get_after
                0x08004542                Uart_sendstring
                0x08004570                Uart_printbase
                0x08004608                Copy_upto
                0x08004708                Wait_for
                0x080047f4                look_for_frame
                0x0800495a                Uart_isr
                0x08004a68                update_tail
                0x08004ace                debug_buffer
 .text          0x08004b54      0x110 object/debug.o
                0x08004b54                __debugRamUsage
                0x08004ba0                __digitalWriteDebugButton
                0x08004bfc                __digitalReadDebugButton
                0x08004c2c                __alalogReadDebug
                0x08004c44                __analogWriteDebug
 .text          0x08004c64      0x228 object/timer.o
                0x08004ca0                ConfigTimer2ForSystem
                0x08004d1c                Delay_micro_second
                0x08004db0                Delay
                0x08004dde                getMiliseconds
                0x08004e20                getMicroseconds
                0x08004e50                TIM2_Handler
 .text          0x08004e8c       0x14 object/sys_err.o
                0x08004e8c                Error_Handler
 .text          0x08004ea0      0x364 object/sys_rtc.o
                0x08004ea0                SYS_RTC_init
                0x08005148                get_timeofDay
 .text          0x08005204       0x1c object/main.o
                0x08005204                user_task
 *(.rodata)
 .rodata        0x08005220       0x64 object/mcu_info.o
 .rodata        0x08005284        0x6 object/kstring.o
 *fill*         0x0800528a        0x2 
 .rodata        0x0800528c       0x3a object/kmain.o
 *fill*         0x080052c6        0x2 
 .rodata        0x080052c8        0x4 object/stm32_startup.o
                0x080052c8                STACK_START
 .rodata        0x080052cc       0x18 object/sys_clock.o
                0x080052cc                AHBPrescTable
                0x080052dc                APBPrescTable
 .rodata        0x080052e4      0x1a3 object/sys_init.o
 *fill*         0x08005487        0x1 
 .rodata        0x08005488        0x7 object/duprintf.o
 *fill*         0x0800548f        0x1 
 .rodata        0x08005490       0x15 object/main.o
                0x080054a8                        . = ALIGN (0x4)
 *fill*         0x080054a5        0x3 
                0x080054a8                        _etext = .
                0x080054a8                        _la_data = LOADADDR (.data)

.glue_7         0x080054a8        0x0
 .glue_7        0x080054a8        0x0 linker stubs

.glue_7t        0x080054a8        0x0
 .glue_7t       0x080054a8        0x0 linker stubs

.vfp11_veneer   0x080054a8        0x0
 .vfp11_veneer  0x080054a8        0x0 linker stubs

.v4_bx          0x080054a8        0x0
 .v4_bx         0x080054a8        0x0 linker stubs

.iplt           0x080054a8        0x0
 .iplt          0x080054a8        0x0 object/kfloat.o

.rel.dyn        0x080054a8        0x0
 .rel.iplt      0x080054a8        0x0 object/kfloat.o

.data           0x20000000       0x6c load address 0x080054a8
                0x20000000                        _sdata = .
 *(.data)
 .data          0x20000000        0x0 object/kmath.o
 .data          0x20000000        0x0 object/kfloat.o
 .data          0x20000000        0x0 object/cm4.o
 .data          0x20000000        0x0 object/mcu_info.o
 .data          0x20000000       0x61 object/kstring.o
 .data          0x20000061        0x0 object/kmain.o
 .data          0x20000061        0x0 object/stm32_startup.o
 .data          0x20000061        0x0 object/sys_clock.o
 .data          0x20000061        0x0 object/sys_usart.o
 .data          0x20000061        0x0 object/sys_gpio.o
 .data          0x20000061        0x0 object/kstdio.o
 .data          0x20000061        0x0 object/sys_init.o
 .data          0x20000061        0x0 object/syscall.o
 .data          0x20000061        0x0 object/unistd.o
 .data          0x20000061        0x0 object/times.o
 .data          0x20000061        0x0 object/duprintf.o
 *fill*         0x20000061        0x1 
 .data          0x20000062        0x2 object/scheduler.o
 .data          0x20000064        0x8 object/serial_lin.o
                0x20000064                errObj
 .data          0x2000006c        0x0 object/UsartRingBuffer.o
 .data          0x2000006c        0x0 object/debug.o
 .data          0x2000006c        0x0 object/timer.o
 .data          0x2000006c        0x0 object/sys_err.o
 .data          0x2000006c        0x0 object/sys_rtc.o
 .data          0x2000006c        0x0 object/main.o
                0x2000006c                        . = ALIGN (0x4)
                0x2000006c                        _edata = .

.igot.plt       0x2000006c        0x0 load address 0x08005514
 .igot.plt      0x2000006c        0x0 object/kfloat.o

.bss            0x2000006c      0x901 load address 0x08005514
                0x2000006c                        _sbss = .
 *(.bss)
 .bss           0x2000006c        0x0 object/kmath.o
 .bss           0x2000006c        0x0 object/kfloat.o
 .bss           0x2000006c        0x4 object/cm4.o
 .bss           0x20000070       0x14 object/mcu_info.o
 .bss           0x20000084       0x32 object/kstring.o
 .bss           0x200000b6        0x0 object/kmain.o
 *fill*         0x200000b6        0x2 
 .bss           0x200000b8        0xc object/stm32_startup.o
                0x200000b8                _bss_size
                0x200000bc                _data_size
                0x200000c0                _text_size
 .bss           0x200000c4        0x0 object/sys_clock.o
 .bss           0x200000c4        0x0 object/sys_usart.o
 .bss           0x200000c4        0x0 object/sys_gpio.o
 .bss           0x200000c4        0x0 object/kstdio.o
 .bss           0x200000c4        0x0 object/sys_init.o
 .bss           0x200000c4        0x0 object/syscall.o
 .bss           0x200000c4        0x0 object/unistd.o
 .bss           0x200000c4        0x0 object/times.o
 .bss           0x200000c4        0x0 object/duprintf.o
 .bss           0x200000c4        0x8 object/scheduler.o
                0x200000c8                current_tcb
 .bss           0x200000cc      0x890 object/serial_lin.o
                0x200000cc                huart2
                0x20000514                huart6
 .bss           0x2000095c        0x0 object/UsartRingBuffer.o
 .bss           0x2000095c        0xc object/debug.o
                0x20000960                CURRENT_MSP
                0x20000964                DEBUG_BUTTON
                0x20000966                DEBUG_ANALOG_IO
 .bss           0x20000968        0x5 object/timer.o
 .bss           0x2000096d        0x0 object/sys_err.o
 .bss           0x2000096d        0x0 object/sys_rtc.o
 .bss           0x2000096d        0x0 object/main.o
                0x2000096d                        _ebss = .
OUTPUT(build/final.elf elf32-littlearm)
LOAD linker stubs

.comment        0x00000000       0x26
 .comment       0x00000000       0x26 object/kmath.o
                                 0x27 (size before relaxing)
 .comment       0x00000026       0x27 object/kfloat.o
 .comment       0x00000026       0x27 object/cm4.o
 .comment       0x00000026       0x27 object/mcu_info.o
 .comment       0x00000026       0x27 object/kstring.o
 .comment       0x00000026       0x27 object/kmain.o
 .comment       0x00000026       0x27 object/stm32_startup.o
 .comment       0x00000026       0x27 object/sys_clock.o
 .comment       0x00000026       0x27 object/sys_usart.o
 .comment       0x00000026       0x27 object/sys_gpio.o
 .comment       0x00000026       0x27 object/kstdio.o
 .comment       0x00000026       0x27 object/sys_init.o
 .comment       0x00000026       0x27 object/syscall.o
 .comment       0x00000026       0x27 object/unistd.o
 .comment       0x00000026       0x27 object/times.o
 .comment       0x00000026       0x27 object/duprintf.o
 .comment       0x00000026       0x27 object/scheduler.o
 .comment       0x00000026       0x27 object/serial_lin.o
 .comment       0x00000026       0x27 object/UsartRingBuffer.o
 .comment       0x00000026       0x27 object/debug.o
 .comment       0x00000026       0x27 object/timer.o
 .comment       0x00000026       0x27 object/sys_err.o
 .comment       0x00000026       0x27 object/sys_rtc.o
 .comment       0x00000026       0x27 object/main.o

.ARM.attributes
                0x00000000       0x32
 .ARM.attributes
                0x00000000       0x32 object/kmath.o
 .ARM.attributes
                0x00000032       0x32 object/kfloat.o
 .ARM.attributes
                0x00000064       0x32 object/cm4.o
 .ARM.attributes
                0x00000096       0x32 object/mcu_info.o
 .ARM.attributes
                0x000000c8       0x32 object/kstring.o
 .ARM.attributes
                0x000000fa       0x32 object/kmain.o
 .ARM.attributes
                0x0000012c       0x32 object/stm32_startup.o
 .ARM.attributes
                0x0000015e       0x32 object/sys_clock.o
 .ARM.attributes
                0x00000190       0x32 object/sys_usart.o
 .ARM.attributes
                0x000001c2       0x32 object/sys_gpio.o
 .ARM.attributes
                0x000001f4       0x32 object/kstdio.o
 .ARM.attributes
                0x00000226       0x32 object/sys_init.o
 .ARM.attributes
                0x00000258       0x32 object/syscall.o
 .ARM.attributes
                0x0000028a       0x32 object/unistd.o
 .ARM.attributes
                0x000002bc       0x32 object/times.o
 .ARM.attributes
                0x000002ee       0x32 object/duprintf.o
 .ARM.attributes
                0x00000320       0x32 object/scheduler.o
 .ARM.attributes
                0x00000352       0x32 object/serial_lin.o
 .ARM.attributes
                0x00000384       0x32 object/UsartRingBuffer.o
 .ARM.attributes
                0x000003b6       0x32 object/debug.o
 .ARM.attributes
                0x000003e8       0x32 object/timer.o
 .ARM.attributes
                0x0000041a       0x32 object/sys_err.o
 .ARM.attributes
                0x0000044c       0x32 object/sys_rtc.o
 .ARM.attributes
                0x0000047e       0x32 object/main.o
